Gutenberg
EBook
of
Grimms
Grimm
eBook
is
use
of
anyone
anywhere
at
cost
and
with
almost
whatsoever
You
may
copy
it
give
it
away
or
use
it
under
of
Gutenberg
included
with
eBook
or
online
at
www
gutenberg
org
Grimms
Author
Grimm
Edgar
and
Marian
Edwardes
14
EBook
April
English
