THE
BIRD
HANS
LUCK
JORINDA
JORINDEL
THE
TRAVELLING
THE
THE
THE
BEAN
BRIAR
ROSE
THE
DOG
THE
THE
TWELVE
DANCING
PRINCESSES
THE
FISHERMAN
HIS
THE
THE
BEAR
THE
FROG
PRINCE
PARTNERSHIP
THE
THE
PARTLET
HOW
THEY
TO
THE
TO
NUTS
2
HOW
PARTLET
TO
VISIT
RAPUNZEL
FUNDEVOGEL
THE
VALIANT
LITTLE
TAILOR
HANSEL
THE
THE
BIRD
THE
HOLLE
LITTLE
RED
LITTLE
RED
RIDING
HOOD
THE
ROBBER
BRIDEGROOM
TOM
THUMB
RUMPELSTILTSKIN
THE
HIS
THE
LITTLE
PEASANT
FREDERICK
ROLAND
THE
PINK
THE
THE
BUSH
THE
THE
THE
LITTLE
THE
BEE
THE
THE
THE
JUNIPER
TREE
the
juniper
tree
THE
TURNIP
HANS
THE
THREE
LANGUAGES
THE
FOX
THE
THE
FOUR
BROTHERS
LILY
THE
LION
THE
FOX
THE
HORSE
THE
BLUE
LIGHT
THE
RAVEN
THE
THE
LIFE
THE
TWELVE
HUNTSMEN
THE
THE
DOCTOR
THE
RAVENS
THE
FOX
FIRST
THE
THE
THE
FORTH
TO
LEARN
FEAR
BEARD
HANS
ROSE
RED
THE
BROTHERS
FAIRY
TALES
THE
BIRD
had
beautiful
the
tree
bore
These
the
time
they
began
to
ripe
found
that
night
them
The
became
very
this
the
to
night
the
tree
The
his
to
but
twelve
he
fell
the
the
Then
the
to
he
too
fell
the
Then
the
third
to
but
the
first
not
let
him
for
fear
harm
to
him
however
last
he
the
laid
himself
the
tree
to
the
twelve
he
heard
rustling
noise
the
bird
flying
that
pure
the
beak
the
jumped
But
the
did
the
bird
no
harm
dropped
feather
from
tail
then
flew
The
feather
brought
to
the
the
the
together
that
than
the
the
but
the
feather
no
to
have
the
bird
