The
Project
Fairy
Tales
by
The
Brothers
This
for
the
no
no
restrictions
re
the
terms
the
Project
License
this
Title
Fairy
Tales
The
Brothers
Translator
Taylor
Posting
Date
December
2008
2591
Release
Date
2001
Language
