The: 6
Project: 2
Fairy: 2
Tales: 2
by: 1
Brothers: 2
This: 1
for: 2
the: 29
no: 4
restrictions: 1
re: 1
terms: 1
License: 1
this: 2
Title: 1
Translator: 1
Taylor: 1
Posting: 1
Date: 2
December: 1
2008: 1
2591: 1
Release: 1
2001: 1
Language: 1
THE: 54
BIRD: 3
HANS: 3
LUCK: 1
JORINDA: 1
JORINDEL: 1
TRAVELLING: 1
BEAN: 1
BRIAR: 1
ROSE: 2
DOG: 1
TWELVE: 2
DANCING: 1
PRINCESSES: 1
FISHERMAN: 1
HIS: 2
BEAR: 1
FROG: 1
PRINCE: 1
PARTNERSHIP: 1
PARTLET: 2
HOW: 2
THEY: 1
TO: 4
NUTS: 1
2: 1
VISIT: 1
RAPUNZEL: 1
FUNDEVOGEL: 1
VALIANT: 1
LITTLE: 5
TAILOR: 1
HANSEL: 1
HOLLE: 1
RED: 3
RIDING: 1
HOOD: 1
ROBBER: 1
BRIDEGROOM: 1
TOM: 1
THUMB: 1
RUMPELSTILTSKIN: 1
PEASANT: 1
FREDERICK: 1
ROLAND: 1
PINK: 1
BUSH: 1
BEE: 1
JUNIPER: 1
TREE: 1
juniper: 1
tree: 4
TURNIP: 1
THREE: 1
LANGUAGES: 1
FOX: 3
FOUR: 1
BROTHERS: 2
LILY: 1
LION: 1
HORSE: 1
BLUE: 1
LIGHT: 1
RAVEN: 1
LIFE: 1
HUNTSMEN: 1
DOCTOR: 1
RAVENS: 1
FIRST: 1
FORTH: 1
LEARN: 1
FEAR: 1
BEARD: 1
FAIRY: 1
TALES: 1
had: 1
beautiful: 1
bore: 1
These: 1
time: 1
they: 1
began: 1
to: 9
ripe: 1
found: 1
that: 3
night: 2
them: 1
became: 1
very: 1
his: 1
but: 3
twelve: 2
he: 4
fell: 2
Then: 2
too: 1
third: 1
first: 1
not: 1
let: 1
him: 2
fear: 1
harm: 2
however: 1
last: 1
laid: 1
himself: 1
heard: 1
rustling: 1
noise: 1
bird: 3
flying: 1
pure: 1
beak: 1
jumped: 1
But: 1
did: 1
dropped: 1
feather: 3
from: 1
tail: 1
then: 1
flew: 1
brought: 1
together: 1
than: 1
have: 1
