Gutenberg: 2
EBook: 2
of: 9
Grimms: 2
Grimm: 2
eBook: 2
is: 2
use: 3
anyone: 1
anywhere: 1
at: 8
cost: 1
and: 14
with: 3
almost: 1
whatsoever: 1
You: 1
may: 1
copy: 1
it: 8
give: 1
away: 2
or: 2
under: 3
included: 1
online: 1
www: 1
gutenberg: 1
org: 1
Author: 1
Edgar: 1
Marian: 1
Edwardes: 1
14: 1
April: 1
English: 1
CONTENTS: 1
GOLDEN: 4
IN: 3
AND: 18
MUSICIANS: 1
OLD: 2
SULTAN: 1
STRAW: 1
COAL: 1
SPARROW: 1
WIFE: 1
WILLOW: 1
WREN: 1
CAT: 3
MOUSE: 2
GOOSE: 2
GIRL: 1
ADVENTURES: 1
OF: 5
CHANTICLEER: 2
1: 1
WENT: 3
MOUNTAINS: 1
EAT: 1
MR: 1
KORBES: 1
GRETEL: 2
SAUSAGE: 1
MOTHER: 1
CAP: 1
CLEVER: 4
MAN: 1
GRANDSON: 1
CATHERINE: 1
SWEETHEART: 1
SNOWDROP: 1
ELSIE: 1
MISER: 1
ASHPUTTEL: 1
WHITE: 2
SNAKE: 1
WOLF: 1
SEVEN: 2
KIDS: 1
QUEEN: 1
ELVES: 1
SHOEMAKER: 1
WATER: 1
KING: 2
MOUNTAIN: 1
KNOWALL: 1
WEDDING: 1
MRS: 1
STORY: 3
SECOND: 1
SALAD: 1
YOUTH: 1
WHO: 1
WHAT: 1
WAS: 1
GRISLY: 1
IRON: 1
SKIN: 1
SNOW: 1
GRIMM: 1
A: 1
certain: 1
king: 4
a: 5
garden: 2
in: 5
stood: 1
which: 1
golden: 3
apples: 4
were: 1
always: 1
counted: 1
about: 2
when: 1
grow: 1
was: 10
every: 1
one: 2
gone: 2
angry: 1
ordered: 2
gardener: 4
keep: 2
watch: 5
all: 3
set: 1
eldest: 1
son: 4
o: 1
clock: 2
asleep: 2
morning: 3
another: 2
missing: 1
second: 1
midnight: 1
apple: 1
offered: 1
would: 1
some: 1
should: 1
come: 1
consented: 1
young: 1
man: 1
As: 1
struck: 1
air: 1
came: 1
gold: 1
as: 1
snapping: 1
its: 2
s: 1
up: 1
shot: 1
an: 1
arrow: 2
only: 1
council: 1
called: 1
Everyone: 1
agreed: 1
worth: 1
more: 1
wealth: 1
kingdom: 1
said: 1
One: 1
me: 1
I: 1
must: 1
whole: 1
